-------------------------------------------------------------------------------------------------------------------
      name:  <unnamed>
       log:  /Users/mac/GitHub/Applied-Econometrics-Stata-/Mock_Exam_2018/code/Mock_Exam_2018.log
  log type:  text
 opened on:  17 Jun 2019, 21:36:35

. set more off

. 
. ******************************************
. *   Load data & labeling                 *
. ******************************************
. 
. use "$path/raw_data/job_search.dta", clear

. lab var pnr "Social security number (anonymized)"

. lab var month "Month after start of unemployment"

. lab var age "Age by end of 2013"

. lab var yob "Year of birth"

. lab var mob "Month of birth"

. lab var dob "Day of birth"

. lab var educ "Completed further education (no=1, short=2, medium=3, long=4)"

. lab var jobcourse "Dummy taking the value 1 if individual is or has been enrolled in job course"

. lab var employed "Dummy taking the value 1 if individual is employed"

. 
. ******************************************
. *   Problem 1                            *
. ******************************************
. 
. * Problem 1.1 
. 
. gen treat = 0

. replace treat = 1 if (dob <=15)
(142,296 real changes made)

. 
. tabstat pnr yob mob dob age educ jobcourse employed, by(treat) stats(n mean p50 min max) c(s) longstub

treat        variable |         N      mean       p50       min       max
----------------------+--------------------------------------------------
0                 pnr |    145704  6010.594      6014         1     12000
                  yob |    145704  1979.447      1979      1964      1995
                  mob |    145704  6.442267         6         1        12
                  dob |    145704  23.24032        23        16        31
                  age |    145704  33.55263        34        18        49
                 educ |    145704  2.651293         3         1         4
            jobcourse |    145704         0         0         0         0
             employed |    145704  .8406495         1         0         1
----------------------+--------------------------------------------------
1                 pnr |    142296  5990.165      5983         2     11997
                  yob |    142296  1979.567      1980      1964      1995
                  mob |    142296  6.437005         6         1        12
                  dob |    142296  7.951257         8         1        15
                  age |    142296  33.43313        33        18        49
                 educ |    142296  2.628099         3         1         4
            jobcourse |    142296  .3852884         0         0         1
             employed |    142296  .8621606         1         0         1
----------------------+--------------------------------------------------
Total             pnr |    288000    6000.5    6000.5         1     12000
                  yob |    288000  1979.506      1980      1964      1995
                  mob |    288000  6.439667         6         1        12
                  dob |    288000  15.68625        16         1        31
                  age |    288000  33.49358        33        18        49
                 educ |    288000  2.639833         3         1         4
            jobcourse |    288000  .1903646         0         0         1
             employed |    288000  .8512778         1         0         1
-------------------------------------------------------------------------

. 
. ttest employed, by(treat)

Two-sample t test with equal variances
------------------------------------------------------------------------------
   Group |     Obs        Mean    Std. Err.   Std. Dev.   [95% Conf. Interval]
---------+--------------------------------------------------------------------
       0 | 145,704    .8406495    .0009588    .3660038    .8387702    .8425289
       1 | 142,296    .8621606    .0009139    .3447326    .8603694    .8639517
---------+--------------------------------------------------------------------
combined | 288,000    .8512778     .000663    .3558151    .8499783    .8525773
---------+--------------------------------------------------------------------
    diff |            -.021511    .0013255                -.024109    -.018913
------------------------------------------------------------------------------
    diff = mean(0) - mean(1)                                      t = -16.2282
Ho: diff = 0                                     degrees of freedom =   287998

    Ha: diff < 0                 Ha: diff != 0                 Ha: diff > 0
 Pr(T < t) = 0.0000         Pr(|T| > |t|) = 0.0000          Pr(T > t) = 1.0000

. 
. * Problem 1.2
. 
. *share of employed workers as a function of the elapsed time since entering unemployment.
. 
. preserve

. collapse employed, by(month jobcourse)

. twoway (connected employed month if jobcourse==0) (connected employed month if jobcourse==1), ///
>                 legend(label(1 "Without jobcourse") label(2 "With jobcourse")) title("Panel A") saving(desc2, rep
> lace)
(file desc2.gph saved)

. restore

. 
. 
. preserve

. collapse employed, by(month treat)

. twoway (connected employed month if treat==0) (connected employed month if treat==1), ///
>                 legend(label(1 "Ineligible") label(2 "Eligible")) ytitle("Employed") title("Panel B") saving(desc
> 3, replace)
(file desc3.gph saved)

. restore

. 
. 
. graph combine desc2.gph desc3.gph

. graph export "graphs/Problem1_2.png", replace
(file graphs/Problem1_2.png written in PNG format)

. 
. ******************************************
. *   Problem 2                            *
. ******************************************
. 
. * Problem 2.1
. gen age_sq = age^2

. 
. eststo clear

. eststo ols_1: reg employed jobcourse age age_sq i.educ i.month, r

Linear regression                               Number of obs     =    288,000
                                                F(29, 287970)     =    2759.96
                                                Prob > F          =     0.0000
                                                R-squared         =     0.3100
                                                Root MSE          =     .29557

------------------------------------------------------------------------------
             |               Robust
    employed |      Coef.   Std. Err.      t    P>|t|     [95% Conf. Interval]
-------------+----------------------------------------------------------------
   jobcourse |  -.0460497   .0014864   -30.98   0.000    -.0489629   -.0431364
         age |  -.0010849     .00049    -2.21   0.027    -.0020454   -.0001244
      age_sq |   7.34e-06   7.29e-06     1.01   0.314    -6.95e-06    .0000216
             |
        educ |
          2  |   .0209483   .0025711     8.15   0.000      .015909    .0259876
          3  |    .056723   .0014588    38.88   0.000     .0538637    .0595822
          4  |   .0764142   .0014846    51.47   0.000     .0735044     .079324
             |
       month |
          2  |   .1878292   .0059243    31.71   0.000     .1762178    .1994406
          3  |   .3215912   .0059413    54.13   0.000     .3099464     .333236
          4  |   .4223603   .0057922    72.92   0.000     .4110078    .4337129
          5  |   .4961607   .0055872    88.80   0.000     .4852099    .5071115
          6  |   .5535066   .0053669   103.13   0.000     .5429877    .5640255
          7  |   .5976732   .0051557   115.92   0.000     .5875681    .6077783
          8  |   .6308311   .0049722   126.87   0.000     .6210857    .6405765
          9  |   .6586211   .0047974   137.29   0.000     .6492182    .6680239
         10  |   .6763711   .0046798   144.53   0.000     .6671987    .6855434
         11  |   .6930377   .0045646   151.83   0.000     .6840913    .7019842
         12  |   .7072044   .0044603   158.56   0.000     .6984624    .7159465
         13  |   .7175377   .0043799   163.83   0.000     .7089533    .7261222
         14  |   .7268711   .0043046   168.86   0.000     .7184342     .735308
         15  |   .7339544   .0042449   172.90   0.000     .7256346    .7422742
         16  |   .7390377   .0042012   175.91   0.000     .7308035    .7472719
         17  |   .7437877    .004159   178.84   0.000     .7356361    .7519394
         18  |   .7480377   .0041216   181.49   0.000     .7399596    .7561159
         19  |   .7511211   .0040929   183.52   0.000     .7430991    .7591431
         20  |   .7535377   .0040714   185.08   0.000     .7455579    .7615176
         21  |   .7557044    .004051   186.55   0.000     .7477646    .7636442
         22  |   .7576211   .0040326   187.87   0.000     .7497172    .7655249
         23  |   .7595377   .0040147   189.19   0.000     .7516691    .7674064
         24  |   .7611211   .0039999   190.29   0.000     .7532814    .7689607
             |
       _cons |   .2234818   .0087043    25.68   0.000     .2064217    .2405419
------------------------------------------------------------------------------

. eststo ols_2: reg employed jobcourse age age_sq i.educ i.month, cluster(yob)

Linear regression                               Number of obs     =    288,000
                                                F(29, 31)         >   99999.00
                                                Prob > F          =     0.0000
                                                R-squared         =     0.3100
                                                Root MSE          =     .29557

                                   (Std. Err. adjusted for 32 clusters in yob)
------------------------------------------------------------------------------
             |               Robust
    employed |      Coef.   Std. Err.      t    P>|t|     [95% Conf. Interval]
-------------+----------------------------------------------------------------
   jobcourse |  -.0460497   .0032273   -14.27   0.000    -.0526319   -.0394675
         age |  -.0010849   .0014653    -0.74   0.465    -.0040734    .0019035
      age_sq |   7.34e-06   .0000217     0.34   0.737    -.0000369    .0000516
             |
        educ |
          2  |   .0209483   .0078423     2.67   0.012     .0049537    .0369429
          3  |    .056723   .0038621    14.69   0.000     .0488461    .0645998
          4  |   .0764142   .0040137    19.04   0.000     .0682281    .0846003
             |
       month |
          2  |   .1878292   .0038719    48.51   0.000     .1799324     .195726
          3  |   .3215912   .0048504    66.30   0.000     .3116986    .3314837
          4  |   .4223603   .0046761    90.32   0.000     .4128233    .4318974
          5  |   .4961607   .0050688    97.89   0.000     .4858228    .5064986
          6  |   .5535066   .0054636   101.31   0.000     .5423634    .5646497
          7  |   .5976732   .0050862   117.51   0.000     .5872999    .6080465
          8  |   .6308311   .0055536   113.59   0.000     .6195044    .6421578
          9  |   .6586211   .0052185   126.21   0.000     .6479779    .6692642
         10  |   .6763711   .0049849   135.68   0.000     .6662044    .6865378
         11  |   .6930377    .004562   151.92   0.000     .6837335     .702342
         12  |   .7072044   .0044966   157.28   0.000     .6980336    .7163752
         13  |   .7175377   .0043683   164.26   0.000     .7086285     .726447
         14  |   .7268711   .0044799   162.25   0.000     .7177342     .736008
         15  |   .7339544   .0043214   169.84   0.000     .7251408     .742768
         16  |   .7390377   .0042758   172.84   0.000     .7303172    .7477583
         17  |   .7437877    .004185   177.73   0.000     .7352524     .752323
         18  |   .7480377   .0042068   177.82   0.000      .739458    .7566175
         19  |   .7511211   .0043097   174.29   0.000     .7423313    .7599108
         20  |   .7535377   .0042498   177.31   0.000     .7448702    .7622053
         21  |   .7557044   .0042358   178.41   0.000     .7470655    .7643433
         22  |   .7576211    .004353   174.05   0.000     .7487431     .766499
         23  |   .7595377    .004313   176.11   0.000     .7507414    .7683341
         24  |   .7611211   .0043454   175.15   0.000     .7522585    .7699836
             |
       _cons |   .2234818    .024061     9.29   0.000      .174409    .2725545
------------------------------------------------------------------------------

. eststo ols_3: reg employed jobcourse age age_sq i.educ i.month, cluster(pnr)

Linear regression                               Number of obs     =    288,000
                                                F(29, 11999)      =    1303.33
                                                Prob > F          =     0.0000
                                                R-squared         =     0.3100
                                                Root MSE          =     .29557

                               (Std. Err. adjusted for 12,000 clusters in pnr)
------------------------------------------------------------------------------
             |               Robust
    employed |      Coef.   Std. Err.      t    P>|t|     [95% Conf. Interval]
-------------+----------------------------------------------------------------
   jobcourse |  -.0460497   .0041701   -11.04   0.000    -.0542238   -.0378755
         age |  -.0010849   .0014465    -0.75   0.453    -.0039203    .0017504
      age_sq |   7.34e-06   .0000216     0.34   0.734     -.000035    .0000497
             |
        educ |
          2  |   .0209483   .0081314     2.58   0.010     .0050095    .0368871
          3  |    .056723   .0045355    12.51   0.000     .0478327    .0656133
          4  |   .0764142   .0044912    17.01   0.000     .0676107    .0852177
             |
       month |
          2  |   .1878292   .0035511    52.89   0.000     .1808684      .19479
          3  |   .3215912   .0042508    75.65   0.000     .3132589    .3299235
          4  |   .4223603   .0044922    94.02   0.000     .4135549    .4311657
          5  |   .4961607   .0045417   109.24   0.000     .4872581    .5050632
          6  |   .5535066   .0045115   122.69   0.000     .5446633    .5623499
          7  |   .5976732     .00445   134.31   0.000     .5889505    .6063959
          8  |   .6308311   .0043816   143.97   0.000     .6222424    .6394198
          9  |   .6586211   .0043119   152.75   0.000     .6501691    .6670731
         10  |   .6763711   .0042592   158.80   0.000     .6680223    .6847198
         11  |   .6930377   .0042144   164.45   0.000     .6847769    .7012986
         12  |   .7072044   .0041763   169.34   0.000     .6990181    .7153907
         13  |   .7175377   .0041442   173.14   0.000     .7094145    .7256609
         14  |   .7268711   .0041153   176.63   0.000     .7188045    .7349377
         15  |   .7339544   .0040876   179.56   0.000      .725942    .7419668
         16  |   .7390377   .0040667   181.73   0.000     .7310664    .7470091
         17  |   .7437877   .0040485   183.72   0.000      .735852    .7517235
         18  |   .7480377   .0040357   185.36   0.000     .7401271    .7559484
         19  |   .7511211   .0040219   186.76   0.000     .7432376    .7590046
         20  |   .7535377   .0040153   187.67   0.000     .7456671    .7614084
         21  |   .7557044   .0040074   188.58   0.000     .7478492    .7635596
         22  |   .7576211   .0040001   189.40   0.000     .7497803    .7654619
         23  |   .7595377   .0039986   189.95   0.000     .7516997    .7673757
         24  |   .7611211    .003993   190.61   0.000     .7532942     .768948
             |
       _cons |   .2234818   .0232567     9.61   0.000     .1778948    .2690687
------------------------------------------------------------------------------

. outreg2 using "tables/Problem2.1.xls",  replace excel dec(3)
tables/Problem2.1.xls
dir : seeout

. 
. * Problem 2.2
. eststo clear

. eststo ols_4: reg employed treat age age_sq i.educ i.month, r

Linear regression                               Number of obs     =    288,000
                                                F(29, 287970)     =    2751.92
                                                Prob > F          =     0.0000
                                                R-squared         =     0.3085
                                                Root MSE          =      .2959

------------------------------------------------------------------------------
             |               Robust
    employed |      Coef.   Std. Err.      t    P>|t|     [95% Conf. Interval]
-------------+----------------------------------------------------------------
       treat |    .022078    .001102    20.04   0.000     .0199182    .0242378
         age |   -.000627   .0004909    -1.28   0.202    -.0015891    .0003351
      age_sq |   5.33e-07   7.30e-06     0.07   0.942    -.0000138    .0000148
             |
        educ |
          2  |   .0239787   .0025732     9.32   0.000     .0189352    .0290221
          3  |   .0605223   .0014541    41.62   0.000     .0576722    .0633724
          4  |   .0833661   .0014673    56.81   0.000     .0804902    .0862421
             |
       month |
          2  |     .18375   .0059261    31.01   0.000     .1721351    .1953649
          3  |       .316   .0059421    53.18   0.000     .3043536    .3276464
          4  |   .4155833   .0057924    71.75   0.000     .4042303    .4269364
          5  |   .4884167   .0055899    87.38   0.000     .4774607    .4993727
          6  |   .5450833   .0053713   101.48   0.000     .5345558    .5556109
          7  |   .5886667   .0051636   114.00   0.000     .5785461    .5987872
          8  |   .6213333   .0049814   124.73   0.000     .6115699    .6310967
          9  |   .6486667   .0048099   134.86   0.000     .6392394     .658094
         10  |   .6664167   .0046898   142.10   0.000     .6572247    .6756086
         11  |   .6830833   .0045684   149.52   0.000     .6741294    .6920373
         12  |     .69725   .0044586   156.38   0.000     .6885112    .7059888
         13  |   .7075833    .004375   161.73   0.000     .6990084    .7161582
         14  |   .7169167   .0042962   166.87   0.000     .7084963     .725337
         15  |       .724   .0042351   170.95   0.000     .7156993    .7323007
         16  |   .7290833   .0041904   173.99   0.000     .7208704    .7372963
         17  |   .7338333   .0041471   176.95   0.000     .7257051    .7419616
         18  |   .7380833   .0041083   179.66   0.000     .7300312    .7461355
         19  |   .7411667   .0040795   181.68   0.000      .733171    .7491623
         20  |   .7435833    .004057   183.28   0.000     .7356316     .751535
         21  |     .74575   .0040362   184.77   0.000     .7378392    .7536608
         22  |   .7476667   .0040175   186.10   0.000     .7397924    .7555409
         23  |   .7495833   .0039985   187.46   0.000     .7417463    .7574203
         24  |   .7511667   .0039834   188.57   0.000     .7433593     .758974
             |
       _cons |   .2018926   .0087249    23.14   0.000      .184792    .2189932
------------------------------------------------------------------------------

. eststo ols_5: reg employed treat age age_sq i.educ i.month, cluster(yob)

Linear regression                               Number of obs     =    288,000
                                                F(29, 31)         >   99999.00
                                                Prob > F          =     0.0000
                                                R-squared         =     0.3085
                                                Root MSE          =      .2959

                                   (Std. Err. adjusted for 32 clusters in yob)
------------------------------------------------------------------------------
             |               Robust
    employed |      Coef.   Std. Err.      t    P>|t|     [95% Conf. Interval]
-------------+----------------------------------------------------------------
       treat |    .022078   .0041151     5.37   0.000     .0136851    .0304708
         age |   -.000627   .0014748    -0.43   0.674    -.0036349     .002381
      age_sq |   5.33e-07    .000022     0.02   0.981    -.0000443    .0000454
             |
        educ |
          2  |   .0239787   .0076818     3.12   0.004     .0083115    .0396459
          3  |   .0605223   .0037648    16.08   0.000      .052844    .0682006
          4  |   .0833661   .0039752    20.97   0.000     .0752586    .0914736
             |
       month |
          2  |     .18375   .0039491    46.53   0.000     .1756958    .1918042
          3  |       .316   .0049389    63.98   0.000      .305927     .326073
          4  |   .4155833   .0047422    87.63   0.000     .4059115    .4252552
          5  |   .4884167   .0050586    96.55   0.000     .4780995    .4987338
          6  |   .5450833   .0053885   101.16   0.000     .5340934    .5560733
          7  |   .5886667   .0049656   118.55   0.000     .5785392    .5987941
          8  |   .6213333   .0053793   115.51   0.000     .6103622    .6323044
          9  |   .6486667   .0049834   130.16   0.000     .6385029    .6588304
         10  |   .6664167   .0047798   139.42   0.000     .6566683    .6761651
         11  |   .6830833   .0043729   156.21   0.000     .6741647     .692002
         12  |     .69725   .0043085   161.83   0.000     .6884628    .7060372
         13  |   .7075833   .0041428   170.80   0.000     .6991341    .7160326
         14  |   .7169167   .0042484   168.75   0.000      .708252    .7255814
         15  |       .724    .004108   176.24   0.000     .7156216    .7323784
         16  |   .7290833   .0040465   180.18   0.000     .7208305    .7373361
         17  |   .7338333     .00399   183.92   0.000     .7256956    .7419711
         18  |   .7380833    .004024   183.42   0.000     .7298763    .7462903
         19  |   .7411667   .0041256   179.65   0.000     .7327524    .7495809
         20  |   .7435833   .0040578   183.25   0.000     .7353075    .7518592
         21  |     .74575   .0040164   185.68   0.000     .7375585    .7539415
         22  |   .7476667   .0041417   180.52   0.000     .7392196    .7561137
         23  |   .7495833   .0041068   182.52   0.000     .7412075    .7579592
         24  |   .7511667    .004121   182.28   0.000     .7427618    .7595715
             |
       _cons |   .2018926   .0237992     8.48   0.000     .1533539    .2504313
------------------------------------------------------------------------------

. eststo ols_6: reg employed treat age age_sq i.educ i.month, cluster(pnr)

Linear regression                               Number of obs     =    288,000
                                                F(29, 11999)      =    1286.60
                                                Prob > F          =     0.0000
                                                R-squared         =     0.3085
                                                Root MSE          =      .2959

                               (Std. Err. adjusted for 12,000 clusters in pnr)
------------------------------------------------------------------------------
             |               Robust
    employed |      Coef.   Std. Err.      t    P>|t|     [95% Conf. Interval]
-------------+----------------------------------------------------------------
       treat |    .022078   .0033311     6.63   0.000     .0155484    .0286075
         age |   -.000627   .0014716    -0.43   0.670    -.0035115    .0022575
      age_sq |   5.33e-07    .000022     0.02   0.981    -.0000426    .0000436
             |
        educ |
          2  |   .0239787   .0082202     2.92   0.004     .0078657    .0400916
          3  |   .0605223   .0045623    13.27   0.000     .0515795    .0694651
          4  |   .0833661   .0044831    18.60   0.000     .0745785    .0921537
             |
       month |
          2  |     .18375   .0035357    51.97   0.000     .1768195    .1906805
          3  |       .316   .0042444    74.45   0.000     .3076802    .3243198
          4  |   .4155833   .0044992    92.37   0.000     .4067641    .4244026
          5  |   .4884167   .0045635   107.03   0.000     .4794714     .497362
          6  |   .5450833   .0045462   119.90   0.000     .5361721    .5539946
          7  |   .5886667   .0044924   131.04   0.000     .5798608    .5974725
          8  |   .6213333   .0044283   140.31   0.000     .6126531    .6300136
          9  |   .6486667   .0043583   148.83   0.000     .6401236    .6572097
         10  |   .6664167   .0043045   154.82   0.000     .6579791    .6748542
         11  |   .6830833   .0042477   160.81   0.000     .6747571    .6914096
         12  |     .69725   .0041946   166.23   0.000      .689028     .705472
         13  |   .7075833   .0041528   170.39   0.000     .6994432    .7157235
         14  |   .7169167   .0041128   174.31   0.000     .7088549    .7249785
         15  |       .724   .0040811   177.40   0.000     .7160005    .7319995
         16  |   .7290833   .0040575   179.69   0.000       .72113    .7370366
         17  |   .7338333   .0040348   181.87   0.000     .7259244    .7417422
         18  |   .7380833   .0040141   183.87   0.000     .7302151    .7459515
         19  |   .7411667   .0039987   185.35   0.000     .7333286    .7490047
         20  |   .7435833   .0039865   186.53   0.000     .7357692    .7513974
         21  |     .74575   .0039754   187.59   0.000     .7379577    .7535423
         22  |   .7476667   .0039654   188.55   0.000     .7398938    .7554396
         23  |   .7495833   .0039554   189.51   0.000     .7418301    .7573366
         24  |   .7511667    .003947   190.31   0.000     .7434298    .7589035
             |
       _cons |   .2018926    .023673     8.53   0.000     .1554897    .2482955
------------------------------------------------------------------------------

. outreg2 using "tables/Problem2.2.xls",  replace excel dec(3)
tables/Problem2.2.xls
dir : seeout

. 
. * Problem 2.3
. eststo clear

. eststo ols_7: reg jobcourse treat age age_sq educ i.month, r

Linear regression                               Number of obs     =    288,000
                                                F(27, 287972)     =    3632.16
                                                Prob > F          =     0.0000
                                                R-squared         =     0.2766
                                                Root MSE          =     .33391

------------------------------------------------------------------------------
             |               Robust
   jobcourse |      Coef.   Std. Err.      t    P>|t|     [95% Conf. Interval]
-------------+----------------------------------------------------------------
       treat |    .384161   .0012576   305.48   0.000     .3816962    .3866258
         age |  -.0066077   .0005594   -11.81   0.000    -.0077042   -.0055112
      age_sq |   .0001026   8.27e-06    12.40   0.000     .0000863    .0001188
        educ |  -.0445995   .0005308   -84.03   0.000    -.0456399   -.0435592
             |
       month |
          2  |   .0885833   .0031946    27.73   0.000      .082322    .0948447
          3  |   .1214167   .0033524    36.22   0.000      .114846    .1279873
          4  |   .1471667   .0034519    42.63   0.000      .140401    .1539323
          5  |   .1681667   .0035186    47.79   0.000     .1612702    .1750631
          6  |   .1829167   .0035609    51.37   0.000     .1759374     .189896
          7  |   .1955833   .0035928    54.44   0.000     .1885416    .2026251
          8  |     .20625   .0036182    57.00   0.000     .1991585    .2133415
          9  |   .2161667   .0036384    59.41   0.000     .2090354    .2232979
         10  |   .2161667   .0036384    59.41   0.000     .2090354    .2232979
         11  |   .2161667   .0036384    59.41   0.000     .2090354    .2232979
         12  |   .2161667   .0036384    59.41   0.000     .2090354    .2232979
         13  |   .2161667   .0036384    59.41   0.000     .2090354    .2232979
         14  |   .2161667   .0036384    59.41   0.000     .2090354    .2232979
         15  |   .2161667   .0036384    59.41   0.000     .2090354    .2232979
         16  |   .2161667   .0036384    59.41   0.000     .2090354    .2232979
         17  |   .2161667   .0036384    59.41   0.000     .2090354    .2232979
         18  |   .2161667   .0036384    59.41   0.000     .2090354    .2232979
         19  |   .2161667   .0036384    59.41   0.000     .2090354    .2232979
         20  |   .2161667   .0036384    59.41   0.000     .2090354    .2232979
         21  |   .2161667   .0036384    59.41   0.000     .2090354    .2232979
         22  |   .2161667   .0036384    59.41   0.000     .2090354    .2232979
         23  |   .2161667   .0036384    59.41   0.000     .2090354    .2232979
         24  |   .2161667   .0036384    59.41   0.000     .2090354    .2232979
             |
       _cons |   .0255322   .0091992     2.78   0.006     .0075019    .0435625
------------------------------------------------------------------------------

. eststo ols_8: reg jobcourse treat age age_sq educ i.month, cluster(yob)

Linear regression                               Number of obs     =    288,000
                                                F(12, 31)         =          .
                                                Prob > F          =          .
                                                R-squared         =     0.2766
                                                Root MSE          =     .33391

                                   (Std. Err. adjusted for 32 clusters in yob)
------------------------------------------------------------------------------
             |               Robust
   jobcourse |      Coef.   Std. Err.      t    P>|t|     [95% Conf. Interval]
-------------+----------------------------------------------------------------
       treat |    .384161    .006034    63.67   0.000     .3718546    .3964673
         age |  -.0066077    .002159    -3.06   0.005    -.0110111   -.0022043
      age_sq |   .0001026   .0000323     3.18   0.003     .0000367    .0001684
        educ |  -.0445995   .0018636   -23.93   0.000    -.0484003   -.0407988
             |
       month |
          2  |   .0885833    .002611    33.93   0.000     .0832581    .0939086
          3  |   .1214167   .0028744    42.24   0.000     .1155544     .127279
          4  |   .1471667   .0033001    44.59   0.000      .140436    .1538973
          5  |   .1681667   .0033459    50.26   0.000     .1613426    .1749908
          6  |   .1829167   .0035861    51.01   0.000     .1756028    .1902305
          7  |   .1955833   .0035293    55.42   0.000     .1883852    .2027815
          8  |     .20625   .0037074    55.63   0.000     .1986887    .2138113
          9  |   .2161667   .0040183    53.80   0.000     .2079714     .224362
         10  |   .2161667   .0040183    53.80   0.000     .2079714     .224362
         11  |   .2161667   .0040183    53.80   0.000     .2079714     .224362
         12  |   .2161667   .0040183    53.80   0.000     .2079714     .224362
         13  |   .2161667   .0040183    53.80   0.000     .2079714     .224362
         14  |   .2161667   .0040183    53.80   0.000     .2079714     .224362
         15  |   .2161667   .0040183    53.80   0.000     .2079714     .224362
         16  |   .2161667   .0040183    53.80   0.000     .2079714     .224362
         17  |   .2161667   .0040183    53.80   0.000     .2079714     .224362
         18  |   .2161667   .0040183    53.80   0.000     .2079714     .224362
         19  |   .2161667   .0040183    53.80   0.000     .2079714     .224362
         20  |   .2161667   .0040183    53.80   0.000     .2079714     .224362
         21  |   .2161667   .0040183    53.80   0.000     .2079714     .224362
         22  |   .2161667   .0040183    53.80   0.000     .2079714     .224362
         23  |   .2161667   .0040183    53.80   0.000     .2079714     .224362
         24  |   .2161667   .0040183    53.80   0.000     .2079714     .224362
             |
       _cons |   .0255322   .0357041     0.72   0.480    -.0472867    .0983511
------------------------------------------------------------------------------

. eststo ols_9: reg jobcourse treat age age_sq educ i.month, cluster(prn)
variable prn not found
option cluster() incorrectly specified
r(198);

end of do-file

r(198);

. do "/var/folders/4v/cxtc0hzx0fq4v9g8k_8603s80000gn/T//SD00547.000000"

. eststo ols_9: reg jobcourse treat age age_sq educ i.month, cluster(pnr)

Linear regression                               Number of obs     =    288,000
                                                F(12, 11999)      =          .
                                                Prob > F          =          .
                                                R-squared         =     0.2766
                                                Root MSE          =     .33391

                               (Std. Err. adjusted for 12,000 clusters in pnr)
------------------------------------------------------------------------------
             |               Robust
   jobcourse |      Coef.   Std. Err.      t    P>|t|     [95% Conf. Interval]
-------------+----------------------------------------------------------------
       treat |    .384161   .0056353    68.17   0.000      .373115     .395207
         age |  -.0066077   .0024952    -2.65   0.008    -.0114987   -.0017166
      age_sq |   .0001026   .0000369     2.78   0.005     .0000303    .0001749
        educ |  -.0445995   .0023723   -18.80   0.000    -.0492497   -.0399494
             |
       month |
          2  |   .0885833   .0025941    34.15   0.000     .0834985    .0936681
          3  |   .1214167   .0029818    40.72   0.000     .1155719    .1272615
          4  |   .1471667   .0032343    45.50   0.000     .1408269    .1535065
          5  |   .1681667   .0034146    49.25   0.000     .1614736    .1748598
          6  |   .1829167   .0035295    51.83   0.000     .1759984     .189835
          7  |   .1955833   .0036212    54.01   0.000     .1884852    .2026815
          8  |     .20625   .0036939    55.84   0.000     .1990093    .2134907
          9  |   .2161667    .003758    57.52   0.000     .2088004    .2235329
         10  |   .2161667    .003758    57.52   0.000     .2088004    .2235329
         11  |   .2161667    .003758    57.52   0.000     .2088004    .2235329
         12  |   .2161667    .003758    57.52   0.000     .2088004    .2235329
         13  |   .2161667    .003758    57.52   0.000     .2088004    .2235329
         14  |   .2161667    .003758    57.52   0.000     .2088004    .2235329
         15  |   .2161667    .003758    57.52   0.000     .2088004    .2235329
         16  |   .2161667    .003758    57.52   0.000     .2088004    .2235329
         17  |   .2161667    .003758    57.52   0.000     .2088004    .2235329
         18  |   .2161667    .003758    57.52   0.000     .2088004    .2235329
         19  |   .2161667    .003758    57.52   0.000     .2088004    .2235329
         20  |   .2161667    .003758    57.52   0.000     .2088004    .2235329
         21  |   .2161667    .003758    57.52   0.000     .2088004    .2235329
         22  |   .2161667    .003758    57.52   0.000     .2088004    .2235329
         23  |   .2161667    .003758    57.52   0.000     .2088004    .2235329
         24  |   .2161667    .003758    57.52   0.000     .2088004    .2235329
             |
       _cons |   .0255322   .0402049     0.64   0.525    -.0532759    .1043403
------------------------------------------------------------------------------

. scalar b1st=_b[eligible]
[eligible] not found
r(111);

end of do-file

r(111);

. do "/var/folders/4v/cxtc0hzx0fq4v9g8k_8603s80000gn/T//SD00547.000000"

. scalar b1st=_b[treat]

. 
end of do-file

. do "/var/folders/4v/cxtc0hzx0fq4v9g8k_8603s80000gn/T//SD00547.000000"

. 
. eststo clear

. eststo iv_2m :ivregress 2sls employed age age_sq educ (jobcourse=treat) if month == 2 , cluster(yob)

Instrumental variables (2SLS) regression          Number of obs   =     12,000
                                                  Wald chi2(4)    =     325.37
                                                  Prob > chi2     =     0.0000
                                                  R-squared       =     0.0174
                                                  Root MSE        =     .48976

                                   (Std. Err. adjusted for 32 clusters in yob)
------------------------------------------------------------------------------
             |               Robust
    employed |      Coef.   Std. Err.      z    P>|z|     [95% Conf. Interval]
-------------+----------------------------------------------------------------
   jobcourse |   .0101658   .0558902     0.18   0.856     -.099377    .1197086
         age |   .0038393   .0034807     1.10   0.270    -.0029828    .0106613
      age_sq |  -.0000667   .0000524    -1.27   0.203    -.0001694    .0000359
        educ |   .0560494   .0038473    14.57   0.000     .0485088      .06359
       _cons |   .2262747   .0541406     4.18   0.000      .120161    .3323883
------------------------------------------------------------------------------
Instrumented:  jobcourse
Instruments:   age age_sq educ treat

. eststo iv_4m :ivregress 2sls employed age age_sq educ (jobcourse=treat) if month == 4 , cluster(yob)

Instrumental variables (2SLS) regression          Number of obs   =     12,000
                                                  Wald chi2(4)    =     344.23
                                                  Prob > chi2     =     0.0000
                                                  R-squared       =     0.0067
                                                  Root MSE        =     .47375

                                   (Std. Err. adjusted for 32 clusters in yob)
------------------------------------------------------------------------------
             |               Robust
    employed |      Coef.   Std. Err.      z    P>|z|     [95% Conf. Interval]
-------------+----------------------------------------------------------------
   jobcourse |   .1054656   .0358945     2.94   0.003     .0351136    .1758175
         age |    .002962   .0039527     0.75   0.454     -.004785    .0107091
      age_sq |  -.0000612   .0000593    -1.03   0.302    -.0001775    .0000551
        educ |   .0632838   .0036212    17.48   0.000     .0561865    .0703811
       _cons |   .4471414   .0604715     7.39   0.000     .3286195    .5656634
------------------------------------------------------------------------------
Instrumented:  jobcourse
Instruments:   age age_sq educ treat

. eststo iv_6m :ivregress 2sls employed age age_sq educ (jobcourse=treat) if month == 6 , cluster(yob)

Instrumental variables (2SLS) regression          Number of obs   =     12,000
                                                  Wald chi2(4)    =     388.04
                                                  Prob > chi2     =     0.0000
                                                  R-squared       =          .
                                                  Root MSE        =     .41244

                                   (Std. Err. adjusted for 32 clusters in yob)
------------------------------------------------------------------------------
             |               Robust
    employed |      Coef.   Std. Err.      z    P>|z|     [95% Conf. Interval]
-------------+----------------------------------------------------------------
   jobcourse |   .1084274   .0242218     4.48   0.000     .0609535    .1559014
         age |  -.0036215   .0032209    -1.12   0.261    -.0099343    .0026913
      age_sq |   .0000314   .0000471     0.67   0.505     -.000061    .0001237
        educ |   .0554896   .0029829    18.60   0.000     .0496431    .0613361
       _cons |   .7017049   .0533952    13.14   0.000     .5970523    .8063574
------------------------------------------------------------------------------
Instrumented:  jobcourse
Instruments:   age age_sq educ treat

. eststo iv_8m :ivregress 2sls employed age age_sq educ (jobcourse=treat) if month == 8 , cluster(yob)

Instrumental variables (2SLS) regression          Number of obs   =     12,000
                                                  Wald chi2(4)    =     344.51
                                                  Prob > chi2     =     0.0000
                                                  R-squared       =          .
                                                  Root MSE        =     .35001

                                   (Std. Err. adjusted for 32 clusters in yob)
------------------------------------------------------------------------------
             |               Robust
    employed |      Coef.   Std. Err.      z    P>|z|     [95% Conf. Interval]
-------------+----------------------------------------------------------------
   jobcourse |   .1012648   .0176072     5.75   0.000     .0667553    .1357742
         age |  -.0012921    .002884    -0.45   0.654    -.0069447    .0043605
      age_sq |  -1.41e-07   .0000414    -0.00   0.997    -.0000812     .000081
        educ |   .0452038   .0024995    18.09   0.000     .0403049    .0501026
       _cons |   .7640623   .0486198    15.72   0.000     .6687693    .8593554
------------------------------------------------------------------------------
Instrumented:  jobcourse
Instruments:   age age_sq educ treat

. eststo iv_10m:ivregress 2sls employed age age_sq educ (jobcourse=treat) if month == 10, cluster(yob)

Instrumental variables (2SLS) regression          Number of obs   =     12,000
                                                  Wald chi2(4)    =     203.94
                                                  Prob > chi2     =     0.0000
                                                  R-squared       =          .
                                                  Root MSE        =     .29484

                                   (Std. Err. adjusted for 32 clusters in yob)
------------------------------------------------------------------------------
             |               Robust
    employed |      Coef.   Std. Err.      z    P>|z|     [95% Conf. Interval]
-------------+----------------------------------------------------------------
   jobcourse |   .0739502   .0157631     4.69   0.000     .0430551    .1048452
         age |  -.0017268   .0021379    -0.81   0.419    -.0059171    .0024635
      age_sq |   .0000143    .000032     0.45   0.655    -.0000485    .0000771
        educ |   .0367312   .0026135    14.05   0.000     .0316088    .0418535
       _cons |   .8335284   .0350325    23.79   0.000      .764866    .9021908
------------------------------------------------------------------------------
Instrumented:  jobcourse
Instruments:   age age_sq educ treat

. eststo iv_12m:ivregress 2sls employed age age_sq educ (jobcourse=treat) if month == 12, cluster(yob)

Instrumental variables (2SLS) regression          Number of obs   =     12,000
                                                  Wald chi2(4)    =     209.74
                                                  Prob > chi2     =     0.0000
                                                  R-squared       =          .
                                                  Root MSE        =      .2454

                                   (Std. Err. adjusted for 32 clusters in yob)
------------------------------------------------------------------------------
             |               Robust
    employed |      Coef.   Std. Err.      z    P>|z|     [95% Conf. Interval]
-------------+----------------------------------------------------------------
   jobcourse |   .0684197   .0128703     5.32   0.000     .0431945     .093645
         age |  -.0011583   .0016244    -0.71   0.476     -.004342    .0020254
      age_sq |   7.85e-06   .0000246     0.32   0.750    -.0000404    .0000561
        educ |   .0292714   .0020591    14.22   0.000     .0252356    .0333073
       _cons |   .8740145   .0267579    32.66   0.000       .82157    .9264589
------------------------------------------------------------------------------
Instrumented:  jobcourse
Instruments:   age age_sq educ treat

. 
. estout, cells(b(star fmt(3)) se(par fmt(2))) starlevels(* 0.10 ** 0.05 *** 0.01) legend

------------------------------------------------------------------------------------------------------------
                    iv_2m           iv_4m           iv_6m           iv_8m          iv_10m          iv_12m   
                     b/se            b/se            b/se            b/se            b/se            b/se   
------------------------------------------------------------------------------------------------------------
jobcourse           0.010           0.105***        0.108***        0.101***        0.074***        0.068***
                   (0.06)          (0.04)          (0.02)          (0.02)          (0.02)          (0.01)   
age                 0.004           0.003          -0.004          -0.001          -0.002          -0.001   
                   (0.00)          (0.00)          (0.00)          (0.00)          (0.00)          (0.00)   
age_sq             -0.000          -0.000           0.000          -0.000           0.000           0.000   
                   (0.00)          (0.00)          (0.00)          (0.00)          (0.00)          (0.00)   
educ                0.056***        0.063***        0.055***        0.045***        0.037***        0.029***
                   (0.00)          (0.00)          (0.00)          (0.00)          (0.00)          (0.00)   
_cons               0.226***        0.447***        0.702***        0.764***        0.834***        0.874***
                   (0.05)          (0.06)          (0.05)          (0.05)          (0.04)          (0.03)   
------------------------------------------------------------------------------------------------------------
* p<0.10, ** p<0.05, *** p<0.01

. estout using "tables/Problem4_1.xls", cells(b(star fmt(3)) se(par fmt(2))) starlevels(* 0.10 ** 0.05 *** 0.01) le
> gend replace
(output written to tables/Problem4_1.xls)

. 
end of do-file

. do "/var/folders/4v/cxtc0hzx0fq4v9g8k_8603s80000gn/T//SD00547.000000"

. outreg2 using "tables/Problem4.1.xls",  replace excel dec(3)
tables/Problem4.1.xls
dir : seeout

. 
end of do-file

. do "/var/folders/4v/cxtc0hzx0fq4v9g8k_8603s80000gn/T//SD00547.000000"

. 
. eststo clear

. eststo iv_2m :ivregress 2sls employed age age_sq educ (jobcourse=treat) if month == 2 , cluster(yob)

Instrumental variables (2SLS) regression          Number of obs   =     12,000
                                                  Wald chi2(4)    =     325.37
                                                  Prob > chi2     =     0.0000
                                                  R-squared       =     0.0174
                                                  Root MSE        =     .48976

                                   (Std. Err. adjusted for 32 clusters in yob)
------------------------------------------------------------------------------
             |               Robust
    employed |      Coef.   Std. Err.      z    P>|z|     [95% Conf. Interval]
-------------+----------------------------------------------------------------
   jobcourse |   .0101658   .0558902     0.18   0.856     -.099377    .1197086
         age |   .0038393   .0034807     1.10   0.270    -.0029828    .0106613
      age_sq |  -.0000667   .0000524    -1.27   0.203    -.0001694    .0000359
        educ |   .0560494   .0038473    14.57   0.000     .0485088      .06359
       _cons |   .2262747   .0541406     4.18   0.000      .120161    .3323883
------------------------------------------------------------------------------
Instrumented:  jobcourse
Instruments:   age age_sq educ treat

. eststo iv_4m :ivregress 2sls employed age age_sq educ (jobcourse=treat) if month == 4 , cluster(yob)

Instrumental variables (2SLS) regression          Number of obs   =     12,000
                                                  Wald chi2(4)    =     344.23
                                                  Prob > chi2     =     0.0000
                                                  R-squared       =     0.0067
                                                  Root MSE        =     .47375

                                   (Std. Err. adjusted for 32 clusters in yob)
------------------------------------------------------------------------------
             |               Robust
    employed |      Coef.   Std. Err.      z    P>|z|     [95% Conf. Interval]
-------------+----------------------------------------------------------------
   jobcourse |   .1054656   .0358945     2.94   0.003     .0351136    .1758175
         age |    .002962   .0039527     0.75   0.454     -.004785    .0107091
      age_sq |  -.0000612   .0000593    -1.03   0.302    -.0001775    .0000551
        educ |   .0632838   .0036212    17.48   0.000     .0561865    .0703811
       _cons |   .4471414   .0604715     7.39   0.000     .3286195    .5656634
------------------------------------------------------------------------------
Instrumented:  jobcourse
Instruments:   age age_sq educ treat

. eststo iv_6m :ivregress 2sls employed age age_sq educ (jobcourse=treat) if month == 6 , cluster(yob)

Instrumental variables (2SLS) regression          Number of obs   =     12,000
                                                  Wald chi2(4)    =     388.04
                                                  Prob > chi2     =     0.0000
                                                  R-squared       =          .
                                                  Root MSE        =     .41244

                                   (Std. Err. adjusted for 32 clusters in yob)
------------------------------------------------------------------------------
             |               Robust
    employed |      Coef.   Std. Err.      z    P>|z|     [95% Conf. Interval]
-------------+----------------------------------------------------------------
   jobcourse |   .1084274   .0242218     4.48   0.000     .0609535    .1559014
         age |  -.0036215   .0032209    -1.12   0.261    -.0099343    .0026913
      age_sq |   .0000314   .0000471     0.67   0.505     -.000061    .0001237
        educ |   .0554896   .0029829    18.60   0.000     .0496431    .0613361
       _cons |   .7017049   .0533952    13.14   0.000     .5970523    .8063574
------------------------------------------------------------------------------
Instrumented:  jobcourse
Instruments:   age age_sq educ treat

. eststo iv_8m :ivregress 2sls employed age age_sq educ (jobcourse=treat) if month == 8 , cluster(yob)

Instrumental variables (2SLS) regression          Number of obs   =     12,000
                                                  Wald chi2(4)    =     344.51
                                                  Prob > chi2     =     0.0000
                                                  R-squared       =          .
                                                  Root MSE        =     .35001

                                   (Std. Err. adjusted for 32 clusters in yob)
------------------------------------------------------------------------------
             |               Robust
    employed |      Coef.   Std. Err.      z    P>|z|     [95% Conf. Interval]
-------------+----------------------------------------------------------------
   jobcourse |   .1012648   .0176072     5.75   0.000     .0667553    .1357742
         age |  -.0012921    .002884    -0.45   0.654    -.0069447    .0043605
      age_sq |  -1.41e-07   .0000414    -0.00   0.997    -.0000812     .000081
        educ |   .0452038   .0024995    18.09   0.000     .0403049    .0501026
       _cons |   .7640623   .0486198    15.72   0.000     .6687693    .8593554
------------------------------------------------------------------------------
Instrumented:  jobcourse
Instruments:   age age_sq educ treat

. eststo iv_10m:ivregress 2sls employed age age_sq educ (jobcourse=treat) if month == 10, cluster(yob)

Instrumental variables (2SLS) regression          Number of obs   =     12,000
                                                  Wald chi2(4)    =     203.94
                                                  Prob > chi2     =     0.0000
                                                  R-squared       =          .
                                                  Root MSE        =     .29484

                                   (Std. Err. adjusted for 32 clusters in yob)
------------------------------------------------------------------------------
             |               Robust
    employed |      Coef.   Std. Err.      z    P>|z|     [95% Conf. Interval]
-------------+----------------------------------------------------------------
   jobcourse |   .0739502   .0157631     4.69   0.000     .0430551    .1048452
         age |  -.0017268   .0021379    -0.81   0.419    -.0059171    .0024635
      age_sq |   .0000143    .000032     0.45   0.655    -.0000485    .0000771
        educ |   .0367312   .0026135    14.05   0.000     .0316088    .0418535
       _cons |   .8335284   .0350325    23.79   0.000      .764866    .9021908
------------------------------------------------------------------------------
Instrumented:  jobcourse
Instruments:   age age_sq educ treat

. eststo iv_12m:ivregress 2sls employed age age_sq educ (jobcourse=treat) if month == 12, cluster(yob)

Instrumental variables (2SLS) regression          Number of obs   =     12,000
                                                  Wald chi2(4)    =     209.74
                                                  Prob > chi2     =     0.0000
                                                  R-squared       =          .
                                                  Root MSE        =      .2454

                                   (Std. Err. adjusted for 32 clusters in yob)
------------------------------------------------------------------------------
             |               Robust
    employed |      Coef.   Std. Err.      z    P>|z|     [95% Conf. Interval]
-------------+----------------------------------------------------------------
   jobcourse |   .0684197   .0128703     5.32   0.000     .0431945     .093645
         age |  -.0011583   .0016244    -0.71   0.476     -.004342    .0020254
      age_sq |   7.85e-06   .0000246     0.32   0.750    -.0000404    .0000561
        educ |   .0292714   .0020591    14.22   0.000     .0252356    .0333073
       _cons |   .8740145   .0267579    32.66   0.000       .82157    .9264589
------------------------------------------------------------------------------
Instrumented:  jobcourse
Instruments:   age age_sq educ treat

. 
. estout, cells(b(star fmt(3)) se(par fmt(2))) starlevels(* 0.10 ** 0.05 *** 0.01) legend

------------------------------------------------------------------------------------------------------------
                    iv_2m           iv_4m           iv_6m           iv_8m          iv_10m          iv_12m   
                     b/se            b/se            b/se            b/se            b/se            b/se   
------------------------------------------------------------------------------------------------------------
jobcourse           0.010           0.105***        0.108***        0.101***        0.074***        0.068***
                   (0.06)          (0.04)          (0.02)          (0.02)          (0.02)          (0.01)   
age                 0.004           0.003          -0.004          -0.001          -0.002          -0.001   
                   (0.00)          (0.00)          (0.00)          (0.00)          (0.00)          (0.00)   
age_sq             -0.000          -0.000           0.000          -0.000           0.000           0.000   
                   (0.00)          (0.00)          (0.00)          (0.00)          (0.00)          (0.00)   
educ                0.056***        0.063***        0.055***        0.045***        0.037***        0.029***
                   (0.00)          (0.00)          (0.00)          (0.00)          (0.00)          (0.00)   
_cons               0.226***        0.447***        0.702***        0.764***        0.834***        0.874***
                   (0.05)          (0.06)          (0.05)          (0.05)          (0.04)          (0.03)   
------------------------------------------------------------------------------------------------------------
* p<0.10, ** p<0.05, *** p<0.01

. outreg2 using "tables/Problem4.1.xls",  replace excel dec(3)
tables/Problem4.1.xls
dir : seeout

. 
end of do-file

. do "/var/folders/4v/cxtc0hzx0fq4v9g8k_8603s80000gn/T//SD00547.000000"

. esttab, r2 ar2 p

------------------------------------------------------------------------------------------------------------
                      (1)             (2)             (3)             (4)             (5)             (6)   
                 employed        employed        employed        employed        employed        employed   
------------------------------------------------------------------------------------------------------------
jobcourse          0.0102           0.105**         0.108***        0.101***       0.0740***       0.0684***
                  (0.856)         (0.003)         (0.000)         (0.000)         (0.000)         (0.000)   

age               0.00384         0.00296        -0.00362        -0.00129        -0.00173        -0.00116   
                  (0.270)         (0.454)         (0.261)         (0.654)         (0.419)         (0.476)   

age_sq         -0.0000667      -0.0000612       0.0000314    -0.000000141       0.0000143      0.00000785   
                  (0.203)         (0.302)         (0.505)         (0.997)         (0.655)         (0.750)   

educ               0.0560***       0.0633***       0.0555***       0.0452***       0.0367***       0.0293***
                  (0.000)         (0.000)         (0.000)         (0.000)         (0.000)         (0.000)   

_cons               0.226***        0.447***        0.702***        0.764***        0.834***        0.874***
                  (0.000)         (0.000)         (0.000)         (0.000)         (0.000)         (0.000)   
------------------------------------------------------------------------------------------------------------
N                   12000           12000           12000           12000           12000           12000   
R-sq                0.017           0.007               .               .               .               .   
adj. R-sq           0.017           0.006               .               .               .               .   
------------------------------------------------------------------------------------------------------------
p-values in parentheses
* p<0.05, ** p<0.01, *** p<0.001

. 
end of do-file

. do "/var/folders/4v/cxtc0hzx0fq4v9g8k_8603s80000gn/T//SD00547.000000"

. esttab using "tables/Problem4.1.xls", r2 ar2 p
file tables/Problem4.1.xls already exists
r(602);

end of do-file

r(602);

. do "/var/folders/4v/cxtc0hzx0fq4v9g8k_8603s80000gn/T//SD00547.000000"

. esttab using "tables/Problem4.1.xls", r2 ar2 p replace
(output written to tables/Problem4.1.xls)

. 
end of do-file

. do "/var/folders/4v/cxtc0hzx0fq4v9g8k_8603s80000gn/T//SD00547.000000"

. outreg using "tables/Problem4.1.xls",se replace

                                             ------------------------
                                                          employed  
                                             ------------------------
                                              jobcourse     0.068   
                                                          (0.013)** 
                                              age          -0.001   
                                                           (0.002)  
                                              age_sq        0.000   
                                                           (0.000)  
                                              educ          0.029   
                                                          (0.002)** 
                                              _cons         0.874   
                                                          (0.027)** 
                                              R2              .     
                                              N            12,000   
                                             ------------------------
                                                * p<0.05; ** p<0.01


. 
end of do-file

. do "/var/folders/4v/cxtc0hzx0fq4v9g8k_8603s80000gn/T//SD00547.000000"

. eststo clear

. eststo iv_2m :ivregress 2sls employed age age_sq educ (jobcourse=treat) if month == 2 , cluster(yob)

Instrumental variables (2SLS) regression          Number of obs   =     12,000
                                                  Wald chi2(4)    =     325.37
                                                  Prob > chi2     =     0.0000
                                                  R-squared       =     0.0174
                                                  Root MSE        =     .48976

                                   (Std. Err. adjusted for 32 clusters in yob)
------------------------------------------------------------------------------
             |               Robust
    employed |      Coef.   Std. Err.      z    P>|z|     [95% Conf. Interval]
-------------+----------------------------------------------------------------
   jobcourse |   .0101658   .0558902     0.18   0.856     -.099377    .1197086
         age |   .0038393   .0034807     1.10   0.270    -.0029828    .0106613
      age_sq |  -.0000667   .0000524    -1.27   0.203    -.0001694    .0000359
        educ |   .0560494   .0038473    14.57   0.000     .0485088      .06359
       _cons |   .2262747   .0541406     4.18   0.000      .120161    .3323883
------------------------------------------------------------------------------
Instrumented:  jobcourse
Instruments:   age age_sq educ treat

. outreg using "tables/Problem4.1.xls",se replace

                                             ------------------------
                                                          employed  
                                             ------------------------
                                              jobcourse     0.010   
                                                           (0.056)  
                                              age           0.004   
                                                           (0.003)  
                                              age_sq       -0.000   
                                                           (0.000)  
                                              educ          0.056   
                                                          (0.004)** 
                                              _cons         0.226   
                                                          (0.054)** 
                                              R2            0.02    
                                              N            12,000   
                                             ------------------------
                                                * p<0.05; ** p<0.01


. 
end of do-file

. do "/var/folders/4v/cxtc0hzx0fq4v9g8k_8603s80000gn/T//SD00547.000000"

. eststo clear

. eststo iv_2m :ivregress 2sls employed age age_sq educ (jobcourse=treat) if month == 2 , cluster(yob)

Instrumental variables (2SLS) regression          Number of obs   =     12,000
                                                  Wald chi2(4)    =     325.37
                                                  Prob > chi2     =     0.0000
                                                  R-squared       =     0.0174
                                                  Root MSE        =     .48976

                                   (Std. Err. adjusted for 32 clusters in yob)
------------------------------------------------------------------------------
             |               Robust
    employed |      Coef.   Std. Err.      z    P>|z|     [95% Conf. Interval]
-------------+----------------------------------------------------------------
   jobcourse |   .0101658   .0558902     0.18   0.856     -.099377    .1197086
         age |   .0038393   .0034807     1.10   0.270    -.0029828    .0106613
      age_sq |  -.0000667   .0000524    -1.27   0.203    -.0001694    .0000359
        educ |   .0560494   .0038473    14.57   0.000     .0485088      .06359
       _cons |   .2262747   .0541406     4.18   0.000      .120161    .3323883
------------------------------------------------------------------------------
Instrumented:  jobcourse
Instruments:   age age_sq educ treat

. outreg2 using "tables/Problem4.1.xls",se replace
tables/Problem4.1.xls
dir : seeout

. 
end of do-file

. do "/var/folders/4v/cxtc0hzx0fq4v9g8k_8603s80000gn/T//SD00547.000000"

. outreg2 using "tables/Problem4.1.xls",se ctitle(2sls_2 months) replace
tables/Problem4.1.xls
dir : seeout

. 
end of do-file

. do "/var/folders/4v/cxtc0hzx0fq4v9g8k_8603s80000gn/T//SD00547.000000"

. eststo iv_4m :ivregress 2sls employed age age_sq educ (jobcourse=treat) if month == 4 , cluster(yob)

Instrumental variables (2SLS) regression          Number of obs   =     12,000
                                                  Wald chi2(4)    =     344.23
                                                  Prob > chi2     =     0.0000
                                                  R-squared       =     0.0067
                                                  Root MSE        =     .47375

                                   (Std. Err. adjusted for 32 clusters in yob)
------------------------------------------------------------------------------
             |               Robust
    employed |      Coef.   Std. Err.      z    P>|z|     [95% Conf. Interval]
-------------+----------------------------------------------------------------
   jobcourse |   .1054656   .0358945     2.94   0.003     .0351136    .1758175
         age |    .002962   .0039527     0.75   0.454     -.004785    .0107091
      age_sq |  -.0000612   .0000593    -1.03   0.302    -.0001775    .0000551
        educ |   .0632838   .0036212    17.48   0.000     .0561865    .0703811
       _cons |   .4471414   .0604715     7.39   0.000     .3286195    .5656634
------------------------------------------------------------------------------
Instrumented:  jobcourse
Instruments:   age age_sq educ treat

. outreg2 using "tables/Problem4.1.xls",se ctitle(2sls if 2 months) append
tables/Problem4.1.xls
dir : seeout

. 
end of do-file

. do "/var/folders/4v/cxtc0hzx0fq4v9g8k_8603s80000gn/T//SD00547.000000"

. 
. eststo clear

. eststo iv_2m :ivregress 2sls employed age age_sq educ (jobcourse=treat) if month == 2 , cluster(yob)

Instrumental variables (2SLS) regression          Number of obs   =     12,000
                                                  Wald chi2(4)    =     325.37
                                                  Prob > chi2     =     0.0000
                                                  R-squared       =     0.0174
                                                  Root MSE        =     .48976

                                   (Std. Err. adjusted for 32 clusters in yob)
------------------------------------------------------------------------------
             |               Robust
    employed |      Coef.   Std. Err.      z    P>|z|     [95% Conf. Interval]
-------------+----------------------------------------------------------------
   jobcourse |   .0101658   .0558902     0.18   0.856     -.099377    .1197086
         age |   .0038393   .0034807     1.10   0.270    -.0029828    .0106613
      age_sq |  -.0000667   .0000524    -1.27   0.203    -.0001694    .0000359
        educ |   .0560494   .0038473    14.57   0.000     .0485088      .06359
       _cons |   .2262747   .0541406     4.18   0.000      .120161    .3323883
------------------------------------------------------------------------------
Instrumented:  jobcourse
Instruments:   age age_sq educ treat

. outreg2 using "tables/Problem4.1.xls",se ctitle(2sls wt 2 months) replace
tables/Problem4.1.xls
dir : seeout

. eststo iv_4m :ivregress 2sls employed age age_sq educ (jobcourse=treat) if month == 4 , cluster(yob)

Instrumental variables (2SLS) regression          Number of obs   =     12,000
                                                  Wald chi2(4)    =     344.23
                                                  Prob > chi2     =     0.0000
                                                  R-squared       =     0.0067
                                                  Root MSE        =     .47375

                                   (Std. Err. adjusted for 32 clusters in yob)
------------------------------------------------------------------------------
             |               Robust
    employed |      Coef.   Std. Err.      z    P>|z|     [95% Conf. Interval]
-------------+----------------------------------------------------------------
   jobcourse |   .1054656   .0358945     2.94   0.003     .0351136    .1758175
         age |    .002962   .0039527     0.75   0.454     -.004785    .0107091
      age_sq |  -.0000612   .0000593    -1.03   0.302    -.0001775    .0000551
        educ |   .0632838   .0036212    17.48   0.000     .0561865    .0703811
       _cons |   .4471414   .0604715     7.39   0.000     .3286195    .5656634
------------------------------------------------------------------------------
Instrumented:  jobcourse
Instruments:   age age_sq educ treat

. outreg2 using "tables/Problem4.1.xls",se ctitle(2sls wt 4 months) append
tables/Problem4.1.xls
dir : seeout

. eststo iv_6m :ivregress 2sls employed age age_sq educ (jobcourse=treat) if month == 6 , cluster(yob)

Instrumental variables (2SLS) regression          Number of obs   =     12,000
                                                  Wald chi2(4)    =     388.04
                                                  Prob > chi2     =     0.0000
                                                  R-squared       =          .
                                                  Root MSE        =     .41244

                                   (Std. Err. adjusted for 32 clusters in yob)
------------------------------------------------------------------------------
             |               Robust
    employed |      Coef.   Std. Err.      z    P>|z|     [95% Conf. Interval]
-------------+----------------------------------------------------------------
   jobcourse |   .1084274   .0242218     4.48   0.000     .0609535    .1559014
         age |  -.0036215   .0032209    -1.12   0.261    -.0099343    .0026913
      age_sq |   .0000314   .0000471     0.67   0.505     -.000061    .0001237
        educ |   .0554896   .0029829    18.60   0.000     .0496431    .0613361
       _cons |   .7017049   .0533952    13.14   0.000     .5970523    .8063574
------------------------------------------------------------------------------
Instrumented:  jobcourse
Instruments:   age age_sq educ treat

. outreg2 using "tables/Problem4.1.xls",se ctitle(2sls wt 6 months) append
tables/Problem4.1.xls
dir : seeout

. eststo iv_8m :ivregress 2sls employed age age_sq educ (jobcourse=treat) if month == 8 , cluster(yob)

Instrumental variables (2SLS) regression          Number of obs   =     12,000
                                                  Wald chi2(4)    =     344.51
                                                  Prob > chi2     =     0.0000
                                                  R-squared       =          .
                                                  Root MSE        =     .35001

                                   (Std. Err. adjusted for 32 clusters in yob)
------------------------------------------------------------------------------
             |               Robust
    employed |      Coef.   Std. Err.      z    P>|z|     [95% Conf. Interval]
-------------+----------------------------------------------------------------
   jobcourse |   .1012648   .0176072     5.75   0.000     .0667553    .1357742
         age |  -.0012921    .002884    -0.45   0.654    -.0069447    .0043605
      age_sq |  -1.41e-07   .0000414    -0.00   0.997    -.0000812     .000081
        educ |   .0452038   .0024995    18.09   0.000     .0403049    .0501026
       _cons |   .7640623   .0486198    15.72   0.000     .6687693    .8593554
------------------------------------------------------------------------------
Instrumented:  jobcourse
Instruments:   age age_sq educ treat

. outreg2 using "tables/Problem4.1.xls",se ctitle(2sls wt 8 months) append
tables/Problem4.1.xls
dir : seeout

. eststo iv_10m:ivregress 2sls employed age age_sq educ (jobcourse=treat) if month == 10, cluster(yob)

Instrumental variables (2SLS) regression          Number of obs   =     12,000
                                                  Wald chi2(4)    =     203.94
                                                  Prob > chi2     =     0.0000
                                                  R-squared       =          .
                                                  Root MSE        =     .29484

                                   (Std. Err. adjusted for 32 clusters in yob)
------------------------------------------------------------------------------
             |               Robust
    employed |      Coef.   Std. Err.      z    P>|z|     [95% Conf. Interval]
-------------+----------------------------------------------------------------
   jobcourse |   .0739502   .0157631     4.69   0.000     .0430551    .1048452
         age |  -.0017268   .0021379    -0.81   0.419    -.0059171    .0024635
      age_sq |   .0000143    .000032     0.45   0.655    -.0000485    .0000771
        educ |   .0367312   .0026135    14.05   0.000     .0316088    .0418535
       _cons |   .8335284   .0350325    23.79   0.000      .764866    .9021908
------------------------------------------------------------------------------
Instrumented:  jobcourse
Instruments:   age age_sq educ treat

. outreg2 using "tables/Problem4.1.xls",se ctitle(2sls wt 10 months) append
tables/Problem4.1.xls
dir : seeout

. eststo iv_12m:ivregress 2sls employed age age_sq educ (jobcourse=treat) if month == 12, cluster(yob)

Instrumental variables (2SLS) regression          Number of obs   =     12,000
                                                  Wald chi2(4)    =     209.74
                                                  Prob > chi2     =     0.0000
                                                  R-squared       =          .
                                                  Root MSE        =      .2454

                                   (Std. Err. adjusted for 32 clusters in yob)
------------------------------------------------------------------------------
             |               Robust
    employed |      Coef.   Std. Err.      z    P>|z|     [95% Conf. Interval]
-------------+----------------------------------------------------------------
   jobcourse |   .0684197   .0128703     5.32   0.000     .0431945     .093645
         age |  -.0011583   .0016244    -0.71   0.476     -.004342    .0020254
      age_sq |   7.85e-06   .0000246     0.32   0.750    -.0000404    .0000561
        educ |   .0292714   .0020591    14.22   0.000     .0252356    .0333073
       _cons |   .8740145   .0267579    32.66   0.000       .82157    .9264589
------------------------------------------------------------------------------
Instrumented:  jobcourse
Instruments:   age age_sq educ treat

. outreg2 using "tables/Problem4.1.xls",se ctitle(2sls wt 12 months) append
tables/Problem4.1.xls
dir : seeout

. 
end of do-file

. cls

. do "/var/folders/4v/cxtc0hzx0fq4v9g8k_8603s80000gn/T//SD00547.000000"

. ********************************************************************************
. *                                                                              *
. * Exam 2019: "Measuring the effect of housing subsidies on rents"              *
. *                                                                              *
. ********************************************************************************
. 
. 
. ******************************************
. *   Initial options                      *
. ******************************************
. 
. cls

. clear all

. cap log c
