{smcl}
{txt}{sf}{ul off}{.-}
      name:  {res}<unnamed>
       {txt}log:  {res}/Users/mac/GoogleDrive/Universidad/Master KU/4rd SEMESTER/Applied_Econometrics/Workshop_2019_1/Workshop_1.smcl
  {txt}log type:  {res}smcl
 {txt}opened on:  {res} 7 Jun 2019, 14:15:29
{txt}
{com}. 
{txt}end of do-file

{com}. do "/var/folders/4v/cxtc0hzx0fq4v9g8k_8603s80000gn/T//SD02175.000000"
{txt}
{com}. set more off
{txt}
{com}. 
{txt}end of do-file

{com}. do "/var/folders/4v/cxtc0hzx0fq4v9g8k_8603s80000gn/T//SD02175.000000"
{txt}
{com}. global path "/Users/mac/GoogleDrive/Universidad/Master KU/4rd SEMESTER/Applied_Econometrics/Workshop_2019_1"
{txt}
{com}. 
. cd "$path"
{res}/Users/mac/GoogleDrive/Universidad/Master KU/4rd SEMESTER/Applied_Econometrics/Workshop_2019_1
{txt}
{com}. 
{txt}end of do-file

{com}. do "/var/folders/4v/cxtc0hzx0fq4v9g8k_8603s80000gn/T//SD02175.000000"
{txt}
{com}. use "$path/data/interview2.txt"
{err}{p 0 4 2}
file /Users/mac/GoogleDrive/Universidad/Master KU/4rd SEMESTER/Applied_Econometrics/Workshop_2019_1/data/interview2.txt
not Stata format
{p_end}
{txt}{search r(610), local:r(610);}

end of do-file

{search r(610), local:r(610);}

{com}. do "/var/folders/4v/cxtc0hzx0fq4v9g8k_8603s80000gn/T//SD02175.000000"
{txt}
{com}. ssc install mdesc
{txt}checking {hilite:mdesc} consistency and verifying not already installed...
installing into /Users/mac/Library/Application Support/Stata/ado/plus/...
installation complete.

{com}. 
{txt}end of do-file

{com}. do "/var/folders/4v/cxtc0hzx0fq4v9g8k_8603s80000gn/T//SD02175.000000"
{txt}
{com}. infile storeid str12 status2 empft2 emppt2 nmgrs2 ///
> wage_st2 hrsopen2 psoda2 pfry2 pmeal2 ///
> using "$path/data/interview2.txt", clear
{txt}(410 observations read)

{com}. 
{txt}end of do-file

{com}. do "/var/folders/4v/cxtc0hzx0fq4v9g8k_8603s80000gn/T//SD02175.000000"
{txt}
{com}. sort storeid
{txt}
{com}. 
{txt}end of do-file

{com}. do "/var/folders/4v/cxtc0hzx0fq4v9g8k_8603s80000gn/T//SD02175.000000"
{txt}
{com}. sort -storeid
{err}- invalid name
{txt}{search r(198), local:r(198);}

end of do-file

{search r(198), local:r(198);}

{com}. do "/var/folders/4v/cxtc0hzx0fq4v9g8k_8603s80000gn/T//SD02175.000000"
{txt}
{com}. gsort -storeid
{txt}
{com}. 
{txt}end of do-file

{com}. do "/var/folders/4v/cxtc0hzx0fq4v9g8k_8603s80000gn/T//SD02175.000000"
{txt}
{com}. br storeid empft2 empt2 nmgrs2
{err}variable {bf}empt2{sf} not found
{txt}{search r(111), local:r(111);}

end of do-file

{search r(111), local:r(111);}

{com}. do "/var/folders/4v/cxtc0hzx0fq4v9g8k_8603s80000gn/T//SD02175.000000"
{txt}
{com}. br storeid empft2 emppt2 nmgrs2
{txt}
{com}. 
{txt}end of do-file

{com}. do "/var/folders/4v/cxtc0hzx0fq4v9g8k_8603s80000gn/T//SD02175.000000"
{txt}
{com}. storeid empft2 emppt2 nmgrs2
{err}command {bf}storeid{sf} is unrecognized
{txt}{search r(199), local:r(199);}

end of do-file

{search r(199), local:r(199);}

{com}. do "/var/folders/4v/cxtc0hzx0fq4v9g8k_8603s80000gn/T//SD02175.000000"
{txt}
{com}. br storeid empft2 emppt2 nmgrs2
{txt}
{com}. 
{txt}end of do-file

{com}. do "/var/folders/4v/cxtc0hzx0fq4v9g8k_8603s80000gn/T//SD02175.000000"
{txt}
{com}. count
  {res}410
{txt}
{com}. 
{txt}end of do-file

{com}. do "/var/folders/4v/cxtc0hzx0fq4v9g8k_8603s80000gn/T//SD02175.000000"
{txt}
{com}. desc

{txt}Contains data
  obs:{res}           410                          
{txt} vars:{res}            10                          
{txt} size:{res}        19,680                          
{txt}{hline}
              storage   display    value
variable name   type    format     label      variable label
{hline}
{p 0 48}{res}{bind:storeid        }{txt}{bind: float   }{bind:{txt}%9.0g     }{space 1}{bind:         }{bind:  }{res}{res}{p_end}
{p 0 48}{bind:status2        }{txt}{bind: str12   }{bind:{txt}%12s      }{space 1}{bind:         }{bind:  }{res}{res}{p_end}
{p 0 48}{bind:empft2         }{txt}{bind: float   }{bind:{txt}%9.0g     }{space 1}{bind:         }{bind:  }{res}{res}{p_end}
{p 0 48}{bind:emppt2         }{txt}{bind: float   }{bind:{txt}%9.0g     }{space 1}{bind:         }{bind:  }{res}{res}{p_end}
{p 0 48}{bind:nmgrs2         }{txt}{bind: float   }{bind:{txt}%9.0g     }{space 1}{bind:         }{bind:  }{res}{res}{p_end}
{p 0 48}{bind:wage_st2       }{txt}{bind: float   }{bind:{txt}%9.0g     }{space 1}{bind:         }{bind:  }{res}{res}{p_end}
{p 0 48}{bind:hrsopen2       }{txt}{bind: float   }{bind:{txt}%9.0g     }{space 1}{bind:         }{bind:  }{res}{res}{p_end}
{p 0 48}{bind:psoda2         }{txt}{bind: float   }{bind:{txt}%9.0g     }{space 1}{bind:         }{bind:  }{res}{res}{p_end}
{p 0 48}{bind:pfry2          }{txt}{bind: float   }{bind:{txt}%9.0g     }{space 1}{bind:         }{bind:  }{res}{res}{p_end}
{p 0 48}{bind:pmeal2         }{txt}{bind: float   }{bind:{txt}%9.0g     }{space 1}{bind:         }{bind:  }{res}{res}{p_end}
{txt}{hline}
Sorted by: 
{res}     Note: Dataset has changed since last saved.
{txt}
{com}. 
{txt}end of do-file

{com}. do "/var/folders/4v/cxtc0hzx0fq4v9g8k_8603s80000gn/T//SD02175.000000"
{txt}
{com}. count if status2=="answer"
  {res}399
{txt}
{com}. 
{txt}end of do-file

{com}. do "/var/folders/4v/cxtc0hzx0fq4v9g8k_8603s80000gn/T//SD02175.000000"
{txt}
{com}. ta status2, missing

     {txt}status2 {c |}      Freq.     Percent        Cum.
{hline 13}{c +}{hline 35}
      answer {c |}{res}        399       97.32       97.32
{txt}      highwa {c |}{res}          1        0.24       97.56
{txt}      mallfi {c |}{res}          1        0.24       97.80
{txt}      perman {c |}{res}          6        1.46       99.27
{txt}      refuse {c |}{res}          1        0.24       99.51
{txt}      renova {c |}{res}          2        0.49      100.00
{txt}{hline 13}{c +}{hline 35}
       Total {c |}{res}        410      100.00
{txt}
{com}. 
{txt}end of do-file

{com}. do "/var/folders/4v/cxtc0hzx0fq4v9g8k_8603s80000gn/T//SD02175.000000"
{txt}
{com}. clear all
{res}{txt}
{com}. capture log c
{smcl}
{com}{sf}{ul off}